// Jest Snapshot v1, https://goo.gl/fbAQLP

exports[`should render ImageList 1`] = `
<div
  className="flex-images"
/>
`;
